hooks/kanban/use-kanban-data.ts(35,27): error TS1005: '>' expected.
hooks/kanban/use-kanban-data.ts(35,36): error TS1005: ',' expected.
hooks/kanban/use-kanban-data.ts(35,61): error TS1005: ':' expected.
hooks/kanban/use-kanban-data.ts(36,7): error TS1005: ',' expected.
hooks/kanban/use-kanban-data.ts(42,26): error TS1005: '>' expected.
hooks/kanban/use-kanban-data.ts(42,35): error TS1005: ',' expected.
hooks/kanban/use-kanban-data.ts(42,62): error TS1005: ':' expected.
hooks/kanban/use-kanban-data.ts(43,7): error TS1005: ',' expected.
hooks/kanban/use-kanban-data.ts(49,35): error TS1005: '>' expected.
hooks/kanban/use-kanban-data.ts(49,44): error TS1005: ',' expected.
hooks/kanban/use-kanban-data.ts(49,69): error TS1005: ':' expected.
hooks/kanban/use-kanban-data.ts(50,7): error TS1005: ',' expected.
hooks/kanban/use-kanban-data.ts(56,32): error TS1005: '>' expected.
hooks/kanban/use-kanban-data.ts(56,41): error TS1005: ',' expected.
hooks/kanban/use-kanban-data.ts(56,67): error TS1005: ':' expected.
hooks/kanban/use-kanban-data.ts(57,7): error TS1005: ',' expected.
